Info    : Meshing 1D...
Info    : [  0%] Meshing curve 1 (Circle)
Info    : [  0%] Meshing curve 177 (Line)
Info    : [  0%] Meshing curve 27 (Circle)
Info    : [  0%] Meshing curve 127 (BSpline)
Info    : [  0%] Meshing curve 52 (BSpline)
Info    : [  0%] Meshing curve 152 (BSpline)
Info    : [  0%] Meshing curve 102 (BSpline)
Info    : [  0%] Meshing curve 77 (Line)
Info    : [  0%] Meshing curve 28 (BSpline)
Info    : [  0%] Meshing curve 78 (BSpline)
Info    : [  0%] Meshing curve 178 (BSpline)
Info    : [  0%] Meshing curve 79 (Line)
Info    : [  0%] Meshing curve 53 (BSpline)
Info    : [  0%] Meshing curve 103 (Line)
Info    : [  0%] Meshing curve 80 (BSpline)
Info    : [  0%] Meshing curve 54 (BSpline)
Info    : [ 10%] Meshing curve 2 (Circle)
Info    : [ 10%] Meshing curve 104 (BSpline)
Info    : [ 10%] Meshing curve 81 (Line)
Info    : [ 10%] Meshing curve 179 (Line)
Info    : [ 10%] Meshing curve 128 (BSpline)
Info    : [ 10%] Meshing curve 3 (Circle)
Info    : [ 10%] Meshing curve 82 (BSpline)
Info    : [ 10%] Meshing curve 180 (BSpline)
Info    : [ 10%] Meshing curve 105 (Line)
Info    : [ 10%] Meshing curve 153 (Line)
Info    : [ 10%] Meshing curve 55 (BSpline)
Info    : [ 10%] Meshing curve 106 (BSpline)
Info    : [ 10%] Meshing curve 129 (BSpline)
Info    : [ 10%] Meshing curve 56 (BSpline)
Info    : [ 10%] Meshing curve 154 (BSpline)
Info    : [ 10%] Meshing curve 57 (BSpline)
Info    : [ 10%] Meshing curve 83 (Line)
Info    : [ 20%] Meshing curve 4 (Circle)
Info    : [ 20%] Meshing curve 107 (Line)
Info    : [ 20%] Meshing curve 58 (BSpline)
Info    : [ 20%] Meshing curve 155 (Line)
Info    : [ 20%] Meshing curve 130 (BSpline)
Info    : [ 20%] Meshing curve 108 (BSpline)
Info    : [ 20%] Meshing curve 84 (BSpline)
Info    : [ 20%] Meshing curve 5 (Circle)
Info    : [ 20%] Meshing curve 181 (Line)
Info    : [ 20%] Meshing curve 109 (Line)
Info    : [ 20%] Meshing curve 156 (BSpline)
Info    : [ 20%] Meshing curve 6 (Circle)
Info    : [ 20%] Meshing curve 110 (Line)
Info    : [ 20%] Meshing curve 131 (BSpline)
Info    : [ 20%] Meshing curve 85 (Line)
Info    : [ 20%] Meshing curve 59 (BSpline)
Info    : [ 20%] Meshing curve 86 (BSpline)
Info    : [ 30%] Meshing curve 7 (Circle)
Info    : [ 30%] Meshing curve 132 (BSpline)
Info    : [ 30%] Meshing curve 157 (Line)
Info    : [ 30%] Meshing curve 87 (Line)
Info    : [ 30%] Meshing curve 182 (BSpline)
Info    : [ 30%] Meshing curve 111 (Circle)
Info    : [ 30%] Meshing curve 60 (Circle)
Info    : [ 30%] Meshing curve 88 (BSpline)
Info    : [ 30%] Meshing curve 133 (BSpline)
Info    : [ 30%] Meshing curve 89 (Line)
Info    : [ 30%] Meshing curve 158 (BSpline)
Info    : [ 30%] Meshing curve 8 (Circle)
Info    : [ 30%] Meshing curve 90 (BSpline)
Info    : [ 30%] Meshing curve 61 (Line)
Info    : [ 30%] Meshing curve 183 (Line)
Info    : [ 30%] Meshing curve 91 (Line)
Info    : [ 30%] Meshing curve 92 (BSpline)
Info    : [ 30%] Meshing curve 184 (BSpline)
Info    : [ 30%] Meshing curve 62 (BSpline)
Info    : [ 30%] Meshing curve 93 (Line)
Info    : [ 30%] Meshing curve 159 (Line)
Info    : [ 30%] Meshing curve 63 (Line)
Info    : [ 30%] Meshing curve 94 (BSpline)
Info    : [ 30%] Meshing curve 64 (BSpline)
Info    : [ 30%] Meshing curve 185 (Line)
Info    : [ 30%] Meshing curve 65 (Line)
Info    : [ 30%] Meshing curve 160 (BSpline)
Info    : [ 30%] Meshing curve 134 (BSpline)
Info    : [ 30%] Meshing curve 66 (BSpline)
Info    : [ 30%] Meshing curve 95 (Line)
Info    : [ 30%] Meshing curve 186 (BSpline)
Info    : [ 30%] Meshing curve 67 (Line)
Info    : [ 30%] Meshing curve 68 (BSpline)
Info    : [ 30%] Meshing curve 135 (BSpline)
Info    : [ 30%] Meshing curve 69 (Line)
Info    : [ 30%] Meshing curve 161 (Line)
Info    : [ 30%] Meshing curve 96 (BSpline)
Info    : [ 30%] Meshing curve 187 (Line)
Info    : [ 30%] Meshing curve 70 (BSpline)
Info    : [ 30%] Meshing curve 97 (Line)
Info    : [ 30%] Meshing curve 136 (BSpline)
Info    : [ 30%] Meshing curve 98 (BSpline)
Info    : [ 30%] Meshing curve 71 (Line)
Info    : [ 30%] Meshing curve 162 (BSpline)
Info    : [ 30%] Meshing curve 188 (BSpline)
Info    : [ 30%] Meshing curve 72 (BSpline)
Info    : [ 30%] Meshing curve 99 (Line)
Info    : [ 30%] Meshing curve 137 (BSpline)
Info    : [ 30%] Meshing curve 189 (Line)
Info    : [ 30%] Meshing curve 163 (Line)
Info    : [ 30%] Meshing curve 100 (BSpline)
Info    : [ 30%] Meshing curve 73 (Line)
Info    : [ 30%] Meshing curve 138 (BSpline)
Info    : [ 30%] Meshing curve 190 (Line)
Info    : [ 50%] Meshing curve 9 (Circle)
Info    : [ 50%] Meshing curve 101 (Line)
Info    : [ 50%] Meshing curve 74 (BSpline)
Info    : [ 50%] Meshing curve 10 (Circle)
Info    : [ 50%] Meshing curve 164 (BSpline)
Info    : [ 50%] Meshing curve 75 (Line)
Info    : [ 50%] Meshing curve 76 (BSpline)
Info    : [ 50%] Meshing curve 124 (BSpline)
Info    : [ 50%] Meshing curve 112 (Circle)
Info    : [ 50%] Meshing curve 139 (BSpline)
Info    : [ 50%] Meshing curve 126 (BSpline)
Info    : [ 50%] Meshing curve 165 (Line)
Info    : [ 50%] Meshing curve 125 (BSpline)
Info    : [ 50%] Meshing curve 166 (BSpline)
Info    : [ 50%] Meshing curve 122 (BSpline)
Info    : [ 50%] Meshing curve 140 (Line)
Info    : [ 50%] Meshing curve 167 (Line)
Info    : [ 50%] Meshing curve 120 (BSpline)
Info    : [ 50%] Meshing curve 123 (BSpline)
Info    : [ 50%] Meshing curve 168 (BSpline)
Info    : [ 50%] Meshing curve 121 (BSpline)
Info    : [ 50%] Meshing curve 119 (BSpline)
Info    : [ 60%] Meshing curve 11 (Circle)
Info    : [ 60%] Meshing curve 191 (Line)
Info    : [ 70%] Meshing curve 12 (Circle)
Info    : [ 70%] Meshing curve 118 (BSpline)
Info    : [ 70%] Meshing curve 169 (Line)
Info    : [ 70%] Meshing curve 117 (BSpline)
Info    : [ 70%] Meshing curve 170 (BSpline)
Info    : [ 70%] Meshing curve 116 (BSpline)
Info    : [ 70%] Meshing curve 171 (Line)
Info    : [ 70%] Meshing curve 115 (Circle)
Info    : [ 70%] Meshing curve 13 (Circle)
Info    : [ 70%] Meshing curve 114 (Circle)
Info    : [ 70%] Meshing curve 172 (BSpline)
Info    : [ 70%] Meshing curve 192 (Line)
Info    : [ 70%] Meshing curve 14 (Circle)
Info    : [ 70%] Meshing curve 173 (Line)
Info    : [ 70%] Meshing curve 174 (BSpline)
Info    : [ 70%] Meshing curve 15 (Circle)
Info    : [ 70%] Meshing curve 16 (Circle)
Info    : [ 70%] Meshing curve 17 (Circle)
Info    : [ 70%] Meshing curve 175 (Line)
Info    : [ 70%] Meshing curve 193 (Line)
Info    : [ 70%] Meshing curve 176 (BSpline)
Info    : [ 80%] Meshing curve 18 (Circle)
Info    : [ 80%] Meshing curve 19 (Circle)
Info    : [ 80%] Meshing curve 20 (Circle)
Info    : [ 80%] Meshing curve 200 (Line)
Info    : [ 80%] Meshing curve 21 (Circle)
Info    : [ 80%] Meshing curve 201 (Line)
Info    : [ 80%] Meshing curve 199 (Line)
Info    : [ 80%] Meshing curve 141 (Circle)
Info    : [ 80%] Meshing curve 22 (Circle)
Info    : [ 80%] Meshing curve 23 (Circle)
Info    : [ 80%] Meshing curve 24 (Circle)
Info    : [ 80%] Meshing curve 25 (Circle)
Info    : [ 80%] Meshing curve 113 (Circle)
Info    : [ 80%] Meshing curve 194 (Line)
Info    : [ 80%] Meshing curve 26 (Circle)
Info    : [ 80%] Meshing curve 47 (BSpline)
Info    : [ 80%] Meshing curve 48 (BSpline)
Info    : [ 80%] Meshing curve 198 (Line)
Info    : [ 80%] Meshing curve 142 (BSpline)
Info    : [ 80%] Meshing curve 195 (Line)
Info    : [ 80%] Meshing curve 197 (Line)
Info    : [ 80%] Meshing curve 143 (Line)
Info    : [ 80%] Meshing curve 150 (BSpline)
Info    : [ 80%] Meshing curve 196 (Line)
Info    : [ 80%] Meshing curve 144 (BSpline)
Info    : [ 80%] Meshing curve 145 (Line)
Info    : [ 90%] Meshing curve 49 (BSpline)
Info    : [ 90%] Meshing curve 151 (Line)
Info    : [ 90%] Meshing curve 50 (BSpline)
Info    : [ 90%] Meshing curve 51 (BSpline)
Info    : [ 90%] Meshing curve 146 (BSpline)
Info    : [ 90%] Meshing curve 43 (BSpline)
Info    : [ 90%] Meshing curve 149 (Line)
Info    : [ 90%] Meshing curve 44 (BSpline)
Info    : [ 90%] Meshing curve 40 (BSpline)
Info    : [ 90%] Meshing curve 45 (BSpline)
Info    : [ 90%] Meshing curve 147 (Line)
Info    : [ 90%] Meshing curve 148 (BSpline)
Info    : [ 90%] Meshing curve 41 (BSpline)
Info    : [ 90%] Meshing curve 46 (BSpline)
Info    : [ 90%] Meshing curve 42 (BSpline)
Info    : [ 90%] Meshing curve 38 (BSpline)
Info    : [ 90%] Meshing curve 36 (BSpline)
Info    : [ 90%] Meshing curve 39 (BSpline)
Info    : [ 90%] Meshing curve 37 (BSpline)
Info    : [ 90%] Meshing curve 35 (Circle)
Info    : [ 90%] Meshing curve 34 (Line)
Info    : [ 90%] Meshing curve 33 (Circle)
Info    : [ 90%] Meshing curve 32 (Line)
Info    : [ 90%] Meshing curve 31 (BSpline)
Info    : [ 90%] Meshing curve 30 (BSpline)
Info    : [ 90%] Meshing curve 29 (BSpline)
Info    : Done meshing 1D (Wall 0.247834s, CPU 0.958826s)
Info    : Meshing 2D...
Info    : [  0%] Meshing surface 19 (BSpline surface, Frontal-Delaunay)
Info    : [  0%] Meshing surface 10 (BSpline surface, Frontal-Delaunay)
Info    : [  0%] Meshing surface 37 (BSpline surface, Frontal-Delaunay)
Info    : [  0%] Meshing surface 63 (Plane, Frontal-Delaunay)
Info    : [  0%] Meshing surface 46 (BSpline surface, Frontal-Delaunay)
Info    : [  0%] Meshing surface 54 (BSpline surface, Frontal-Delaunay)
Info    : [  0%] Meshing surface 28 (BSpline surface, Frontal-Delaunay)
Info    : [  0%] Meshing surface 1 (BSpline surface, Frontal-Delaunay)
Info    : [  0%] Meshing surface 64 (Plane, Frontal-Delaunay)
Info    : [  0%] Meshing surface 29 (BSpline surface, Frontal-Delaunay)
Info    : [  0%] Meshing surface 65 (Plane, Frontal-Delaunay)
Info    : [  0%] Meshing surface 20 (BSpline surface, Frontal-Delaunay)
Info    : [  0%] Meshing surface 11 (BSpline surface, Frontal-Delaunay)
Info    : [  0%] Meshing surface 30 (Cylinder, Frontal-Delaunay)
Info    : [  0%] Meshing surface 55 (BSpline surface, Frontal-Delaunay)
Info    : [  0%] Meshing surface 66 (Plane, Frontal-Delaunay)
Info    : [  0%] Meshing surface 21 (BSpline surface, Frontal-Delaunay)
Info    : [  0%] Meshing surface 67 (Plane, Frontal-Delaunay)
Info    : [  0%] Meshing surface 47 (BSpline surface, Frontal-Delaunay)
Info    : [  0%] Meshing surface 22 (BSpline surface, Frontal-Delaunay)
Info    : [  0%] Meshing surface 23 (BSpline surface, Frontal-Delaunay)
Info    : [  0%] Meshing surface 68 (Plane, Frontal-Delaunay)
Info    : [  0%] Meshing surface 38 (BSpline surface, Frontal-Delaunay)
Info    : [  0%] Meshing surface 12 (BSpline surface, Frontal-Delaunay)
Info    : [  0%] Meshing surface 48 (BSpline surface, Frontal-Delaunay)
Info    : [  0%] Meshing surface 24 (BSpline surface, Frontal-Delaunay)
Info    : [  0%] Meshing surface 69 (Plane, Frontal-Delaunay)
Info    : [  0%] Meshing surface 56 (BSpline surface, Frontal-Delaunay)
Info    : [  0%] Meshing surface 39 (BSpline surface, Frontal-Delaunay)
Info    : [  0%] Meshing surface 49 (BSpline surface, Frontal-Delaunay)
Info    : [  0%] Meshing surface 70 (Plane, Frontal-Delaunay)
Info    : [  0%] Meshing surface 25 (BSpline surface, Frontal-Delaunay)
Info    : [  0%] Meshing surface 13 (BSpline surface, Frontal-Delaunay)
Info    : [  0%] Meshing surface 57 (BSpline surface, Frontal-Delaunay)
Info    : [  0%] Meshing surface 14 (BSpline surface, Frontal-Delaunay)
Info    : [  0%] Meshing surface 26 (BSpline surface, Frontal-Delaunay)
Info    : [  0%] Meshing surface 40 (BSpline surface, Frontal-Delaunay)
Info    : [  0%] Meshing surface 15 (BSpline surface, Frontal-Delaunay)
Info    : [  0%] Meshing surface 8 (BSpline surface, Frontal-Delaunay)
Info    : [  0%] Meshing surface 58 (BSpline surface, Frontal-Delaunay)
Info    : [  0%] Meshing surface 27 (BSpline surface, Frontal-Delaunay)
Info    : [  0%] Meshing surface 9 (BSpline surface, Frontal-Delaunay)
Info    : [  0%] Meshing surface 50 (BSpline surface, Frontal-Delaunay)
Info    : [  0%] Meshing surface 16 (BSpline surface, Frontal-Delaunay)
Info    : [  0%] Meshing surface 36 (BSpline surface, Frontal-Delaunay)
Info    : [  0%] Meshing surface 17 (BSpline surface, Frontal-Delaunay)
Info    : [  0%] Meshing surface 7 (BSpline surface, Frontal-Delaunay)
Info    : [  0%] Meshing surface 18 (BSpline surface, Frontal-Delaunay)
Info    : [  0%] Meshing surface 51 (BSpline surface, Frontal-Delaunay)
Info    : [  0%] Meshing surface 6 (BSpline surface, Frontal-Delaunay)
Info    : [  0%] Meshing surface 41 (BSpline surface, Frontal-Delaunay)
Info    : [  0%] Meshing surface 35 (Cylinder, Frontal-Delaunay)
Info    : [  0%] Meshing surface 59 (BSpline surface, Frontal-Delaunay)
Info    : [  0%] Meshing surface 34 (Plane, Frontal-Delaunay)
Info    : [  0%] Meshing surface 33 (Plane, Frontal-Delaunay)
Info    : [  0%] Meshing surface 32 (Plane, Frontal-Delaunay)
Info    : [  0%] Meshing surface 52 (BSpline surface, Frontal-Delaunay)
Info    : [  0%] Meshing surface 31 (Plane, Frontal-Delaunay)
Info    : [  0%] Meshing surface 45 (BSpline surface, Frontal-Delaunay)
Info    : [  0%] Meshing surface 42 (BSpline surface, Frontal-Delaunay)
Info    : [  0%] Meshing surface 61 (Plane, Frontal-Delaunay)
Info    : [  0%] Meshing surface 5 (Cylinder, Frontal-Delaunay)
Info    : [  0%] Meshing surface 43 (BSpline surface, Frontal-Delaunay)
Info    : [  0%] Meshing surface 62 (Plane, Frontal-Delaunay)
Info    : [  0%] Meshing surface 4 (Cylinder, Frontal-Delaunay)
Info    : [  0%] Meshing surface 44 (BSpline surface, Frontal-Delaunay)
Info    : [  0%] Meshing surface 53 (BSpline surface, Frontal-Delaunay)
Info    : [  0%] Meshing surface 3 (Plane, Frontal-Delaunay)
Info    : [  0%] Meshing surface 2 (Cylinder, Frontal-Delaunay)
Info    : Done meshing 2D (Wall 2.52759s, CPU 5.04573s)
Info    : Meshing 3D...
Info    : 3D Meshing 1 volume with 1 connected component
Info    : Input mesh hash 6137e21e46b82acc
Info    : Creating an empty mesh with 48386 vertices
Info    : Initialization of tet. mesh
Info    : Delaunay of      48382 points on   8 threads - mesh.nvert: 4         
Info    : Recovering 50 missing facet(s)
Info    : Recover Delaunay
Info    : All volumes of the BRep were found and colorized accordingly
Info    : Computing mesh sizes...
Info    : Done computing mesh sizes
Info    : Delaunay of     136303 points on   8 threads - mesh.nvert: 48386     
Info    :           -     129858 points filtered
Info    :           =       6445 points added
Info    : Computing mesh sizes...
Info    : Done computing mesh sizes
Info    : Delaunay of     118666 points on   8 threads - mesh.nvert: 54831     
Info    :           -     102912 points filtered
Info    :           =      15754 points added
Info    : Computing mesh sizes...
Info    : Done computing mesh sizes
Info    : Delaunay of     113153 points on   8 threads - mesh.nvert: 70585     
Info    :           -      84199 points filtered
Info    :           =      28954 points added
Info    : Computing mesh sizes...
Info    : Done computing mesh sizes
Info    : Delaunay of     109460 points on   8 threads - mesh.nvert: 99539     
Info    :           -      67286 points filtered
Info    :           =      42174 points added
Info    : Computing mesh sizes...
Info    : Done computing mesh sizes
Info    : Delaunay of     135560 points on   8 threads - mesh.nvert: 141713    
Info    :           -      78263 points filtered
Info    :           =      57297 points added
Info    : Computing mesh sizes...
Info    : Done computing mesh sizes
Info    : Delaunay of     171008 points on   8 threads - mesh.nvert: 199010    
Info    :           -     107138 points filtered
Info    :           =      63870 points added
Info    : Computing mesh sizes...
Info    : Done computing mesh sizes
Info    : Delaunay of     108327 points on   8 threads - mesh.nvert: 262880    
Info    :           -      68472 points filtered
Info    :           =      39855 points added
Info    : Computing mesh sizes...
Info    : Done computing mesh sizes
Info    : Delaunay of      32687 points on   8 threads - mesh.nvert: 302735    
Info    :           -      19172 points filtered
Info    :           =      13515 points added
Info    : Computing mesh sizes...
Info    : Done computing mesh sizes
Info    : Delaunay of       9906 points on   4 threads - mesh.nvert: 316250    
Info    :           -       6247 points filtered
Info    :           =       3659 points added
Info    : Computing mesh sizes...
Info    : Done computing mesh sizes
Info    : Delaunay of       4783 points on   2 threads - mesh.nvert: 319909    
Info    :           -       3427 points filtered
Info    :           =       1356 points added
Info    : Computing mesh sizes...
Info    : Done computing mesh sizes
Info    : Delaunay of       2872 points on   1 threads - mesh.nvert: 321265    
Info    :           -       2106 points filtered
Info    :           =        766 points added
Info    : Computing mesh sizes...
Info    : Done computing mesh sizes
Info    : Delaunay of       1303 points on   1 threads - mesh.nvert: 322031    
Info    :           -        969 points filtered
Info    :           =        334 points added
Info    : Computing mesh sizes...
Info    : Done computing mesh sizes
Info    : Delaunay of        586 points on   1 threads - mesh.nvert: 322365    
Info    :           -        441 points filtered
Info    :           =        145 points added
Info    : Computing mesh sizes...
Info    : Done computing mesh sizes
Info    : Delaunay of        336 points on   1 threads - mesh.nvert: 322510    
Info    :           -        261 points filtered
Info    :           =         75 points added
Info    : Computing mesh sizes...
Info    : Done computing mesh sizes
Info    : Delaunay of        142 points on   1 threads - mesh.nvert: 322585    
Info    :           -        116 points filtered
Info    :           =         26 points added
Info    : Computing mesh sizes...
Info    : Done computing mesh sizes
Info    : Delaunay of         48 points on   1 threads - mesh.nvert: 322611    
Info    :           -         38 points filtered
Info    :           =         10 points added
Info    : Computing mesh sizes...
Info    : Done computing mesh sizes
Info    : Delaunay of         18 points on   1 threads - mesh.nvert: 322621    
Info    :           -         14 points filtered
Info    :           =          4 points added
Info    : Computing mesh sizes...
Info    : Done computing mesh sizes
Info    : Delaunay of          2 points on   1 threads - mesh.nvert: 322625    
Info    :           -          1 points filtered
Info    :           =          1 points added
Info    : Computing mesh sizes...
Info    : Done computing mesh sizes
Info    : Delaunay of          1 points on   1 threads - mesh.nvert: 322626    
Info    :           -          1 points filtered
Info    :           =          0 points added
Info    : Improving     109168 tet. on   8 thrd (S & ER)
Info    : Improving      39314 tet. on   8 thrd (S & ER)
Info    : Improving      33309 tet. on   8 thrd (S & ER)
Info    : Improving      30366 tet. on   8 thrd (S & ER)
Info    : Improving      28417 tet. on   8 thrd (S & ER)
Info    : Improving      27468 tet. on   8 thrd (S & ER)
Info    : Improving      26929 tet. on   8 thrd (S & ER)
Info    : Improving      26492 tet. on   8 thrd (S & ER)
Info    : Improving      26241 tet. on   8 thrd (S & ER)
Info    : Improving      26138 tet. on   8 thrd (S & ER)
Info    : Improving      26075 tet. on   8 thrd (S & ER)
Info    : Improving      26014 tet. on   8 thrd (S & ER)
Info    : Improving      25980 tet. on   8 thrd (GSC)
Info    : Improving      25061 tet. on   8 thrd (S & ER)
Info    : Improving      23788 tet. on   8 thrd (S & ER)
Info    : Improving      22989 tet. on   8 thrd (S & ER)
Info    : Improving      22633 tet. on   8 thrd (S & ER)
Info    : Improving      22373 tet. on   8 thrd (S & ER)
Info    : Improving      22212 tet. on   8 thrd (S & ER)
Info    : Improving      22168 tet. on   8 thrd (S & ER)
Info    : Improving      22131 tet. on   8 thrd (S & ER)
Info    : Improving      22110 tet. on   8 thrd (S & ER)
Info    : Improving      22103 tet. on   8 thrd (GSC)
Info    : Improving      22232 tet. on   8 thrd (S & ER)
Info    : Improving      21849 tet. on   8 thrd (S & ER)
Info    : Improving      21583 tet. on   8 thrd (S & ER)
Info    : Improving      21441 tet. on   8 thrd (S & ER)
Info    : Improving      21358 tet. on   8 thrd (S & ER)
Info    : Improving      21335 tet. on   8 thrd (S & ER)
Info    : Improving      21324 tet. on   8 thrd (S & ER)
Info    : Improving      21320 tet. on   8 thrd (GSC)
Info    : Improving      21349 tet. on   8 thrd (S & ER)
Info    : Improving      21186 tet. on   8 thrd (S & ER)
Info    : Improving      21048 tet. on   8 thrd (S & ER)
Info    : Improving      20999 tet. on   8 thrd (S & ER)
Info    : Improving      20967 tet. on   8 thrd (S & ER)
Info    : Improving      20961 tet. on   8 thrd (S & ER)
Info    : Improving      20960 tet. on   8 thrd (S & ER)
Info    : Improving      20950 tet. on   8 thrd (GSC)
Info    : Improving      20970 tet. on   8 thrd (S & ER)
Info    : Improving      20907 tet. on   8 thrd (S & ER)
Info    : Improving      20875 tet. on   8 thrd (S & ER)
Info    : Improving      20871 tet. on   8 thrd (S & ER)
Info    : Improving      20874 tet. on   8 thrd (S & ER)
Info    : Improving      20861 tet. on   8 thrd (S & ER)
Info    : Improving      20862 tet. on   8 thrd (GSC)
Info    : Improving      20869 tet. on   8 thrd (S & ER)
Info    : Improving      20831 tet. on   8 thrd (S & ER)
Info    : Improving      20826 tet. on   8 thrd (S & ER)
Info    : Improving      20815 tet. on   8 thrd (S & ER)
Info    : Improving      20813 tet. on   8 thrd (GSC)
Info    :  	Final tet. mesh contains 2091042 tetrahedra
Info    :  	Final tet. mesh contains 322626 vertices
Info    : tEmptyMesh  	 = 	    0.482
Info    : tVerifyBnd  	 = 	    0.051
Info    : tBndRecovery	 = 	    0.808
Info    : tConvertMesh	 = 	    0.149
Info    : tRefine     	 = 	   32.039
Info    : tOptimize   	 = 	   51.128
Info    : Done meshing 3D (Wall 85.0098s, CPU 222.011s)
Info    : 323354 nodes 1944829 elements
Info    : Writing '/Users/user/Documents/Projects/RocketSenior/out/cfd/roll5_coarse/mesh.su2'...
Info    : Writing 1842660 elements and 322626 nodes
Info    : Done writing '/Users/user/Documents/Projects/RocketSenior/out/cfd/roll5_coarse/mesh.su2'
{'FARFIELD': 6, 'BODY': 6, 'STING': 1, 'CANARD0': 7, 'CANARD1': 7, 'CANARD2': 7, 'CANARD3': 7, 'FIN0': 7, 'FIN1': 7, 'FIN2': 7, 'FIN3': 7}
wrote /Users/user/Documents/Projects/RocketSenior/out/cfd/roll5_coarse/mesh.su2  (1,842,660 tets)
