{
  "case": "pitch6",
  "level": "coarse",
  "alpha": 0.0,
  "defl": [
    6.0,
    0,
    -6.0,
    0
  ],
  "n_cells": 1841090,
  "iters": 241,
  "components": {
    "BODY": {
      "F": [
        -0.01578957479,
        0.02783480223,
        0.1587943362
      ],
      "M": [
        7.306860563e-05,
        -0.2923107936,
        0.3489276012
      ]
    },
    "CANARD0": {
      "F": [
        0.007313573037,
        0.02050170177,
        0.3862940035
      ],
      "M": [
        0.3903026092,
        -2.576266443,
        0.1398065351
      ]
    },
    "CANARD1": {
      "F": [
        -0.03459154691,
        0.00108811876,
        0.02084908064
      ],
      "M": [
        -0.001264766104,
        -0.1851179299,
        0.005798834572
      ]
    },
    "CANARD2": {
      "F": [
        0.002096793192,
        -0.01916543009,
        0.320559836
      ],
      "M": [
        -0.3238417393,
        -2.125161091,
        -0.1353484906
      ]
    },
    "CANARD3": {
      "F": [
        -0.03176011847,
        -0.01291540296,
        -0.01817163725
      ],
      "M": [
        -0.0142141858,
        0.1645011824,
        -0.08868023251
      ]
    },
    "FIN0": {
      "F": [
        -0.03415197792,
        0.02501509976,
        -0.008273267957
      ],
      "M": [
        -0.01419587753,
        0.06600861412,
        0.4068251109
      ]
    },
    "FIN1": {
      "F": [
        -0.0341980181,
        -0.0588995192,
        -0.04364886153
      ],
      "M": [
        0.06814821388,
        0.6582512294,
        -0.9749707994
      ]
    },
    "FIN2": {
      "F": [
        -0.03447460101,
        0.1479448673,
        -0.1650733562
      ],
      "M": [
        0.2970799515,
        2.728364026,
        2.382808159
      ]
    },
    "FIN3": {
      "F": [
        -0.03427753969,
        -0.06527646829,
        -0.08115550435
      ],
      "M": [
        -0.1160735036,
        1.326513274,
        -0.9988766307
      ]
    }
  },
  "hinge_coeff": [
    -0.03801205574152933,
    -0.0013509585684680684,
    0.018831707852182245,
    0.0038159117351344225
  ],
  "total": {
    "F": [
      -0.209833010661,
      0.06612776928,
      0.570174629053
    ],
    "M": [
      0.28601377085163,
      -0.2352179315799987,
      1.0862900875620003
    ]
  },
  "roll": {
    "canards": 0.05098191799599999,
    "fins": 0.23495878425,
    "body": 7.306860563e-05
  },
  "conv": {
    "rms_density": -3.997845383,
    "iters_used": 241,
    "dCFz": 0.011038546601999988,
    "dCMx": 0.0029203946122500213
  }
}
