{
  "case": "trim9",
  "level": "coarse",
  "alpha": 2.0,
  "defl": [
    9.2,
    0,
    -9.2,
    0
  ],
  "n_cells": 1844051,
  "iters": 501,
  "components": {
    "BODY": {
      "F": [
        -0.01697285643,
        0.0003425999872,
        0.4873886921
      ],
      "M": [
        2.37002222e-05,
        -2.865384104,
        -0.09454820591
      ]
    },
    "CANARD0": {
      "F": [
        0.06790596875,
        0.02144440742,
        0.6008186182
      ],
      "M": [
        0.5988003767,
        -3.988363543,
        0.08173615459
      ]
    },
    "CANARD1": {
      "F": [
        -0.0339851843,
        0.01586980477,
        0.02156228667
      ],
      "M": [
        -0.01571288073,
        -0.1883517451,
        0.1072741446
      ]
    },
    "CANARD2": {
      "F": [
        0.0737329569,
        -0.02196848974,
        0.645969049
      ],
      "M": [
        -0.6586569173,
        -4.303998046,
        -0.07842208228
      ]
    },
    "CANARD3": {
      "F": [
        -0.0309687454,
        0.01761862151,
        -0.01691784752
      ],
      "M": [
        0.02094944063,
        0.1557030981,
        0.1200439944
      ]
    },
    "FIN0": {
      "F": [
        -0.03445553587,
        -0.05707970872,
        0.07320919468
      ],
      "M": [
        0.163404431,
        -1.2532423,
        -0.9223677235
      ]
    },
    "FIN1": {
      "F": [
        -0.03564421827,
        -0.01416514933,
        0.002212939368
      ],
      "M": [
        -0.03474583093,
        -0.0804277412,
        -0.2581193436
      ]
    },
    "FIN2": {
      "F": [
        -0.03221666726,
        -0.05361155125,
        0.03905878393
      ],
      "M": [
        -0.1029615946,
        -0.6059448032,
        -0.9080304583
      ]
    },
    "FIN3": {
      "F": [
        -0.03486152641,
        0.07799358739,
        0.06330986441
      ],
      "M": [
        0.1471595989,
        -0.9955879783,
        1.304936968
      ]
    }
  },
  "hinge_coeff": [
    -0.040514288869079707,
    0.0029970882195793605,
    0.05947507178450185,
    -0.0042758412834218796
  ],
  "total": {
    "F": [
      -0.07746580829,
      -0.0135558779628,
      1.9166115808380002
    ],
    "M": [
      0.11826032389219998,
      -14.1255971627,
      -0.647496552
    ]
  },
  "roll": {
    "canards": -0.0546199807,
    "fins": 0.17285660437,
    "body": 2.37002222e-05
  },
  "conv": {
    "rms_density": -4.204951804,
    "iters_used": 501,
    "dCFz": 0.02010159482899998,
    "dCMx": 0.0022929836828303046
  }
}
